// Jest Snapshot v1, https://goo.gl/fbAQLP

exports[`App renders loading correctly 1`] = `
<div
  className="App section"
>
  <div
    className="row"
  >
    <img
      alt="hanlee logo"
      className="logo"
      src={
        Object {
          "process": [Function],
        }
      }
    />
  </div>
  <div
    className="row"
  >
    <div
      className="col span-1-of-2"
    >
      <div
        className="main-text"
      >
        <h1>
          Find Chemical Properties of 
        </h1>
        <h1>
          Chemicals
        </h1>
      </div>
    </div>
    <div
      className="col span-1-of-2"
    >
      <SearchChemical />
      <Chemical />
    </div>
  </div>
</div>
`;
